Using pre-set license
Built from '2021.3/staging' branch; Version is '2021.3.45f1 (0da89fac8e79) revision 895135'; Using compiler version '192829333'; Build Type 'Release'
OS: 'Windows 11  (10.0.26100) 64bit Professional' Language: 'es' Physical Memory: 16103 MB
BatchMode: 1, IsHumanControllingUs: 0, StartBugReporterOnCrash: 0, Is64bit: 1, IsPro: 1

COMMAND LINE ARGUMENTS:
C:\Program Files\Unity\Hub\Editor\2021.3.45f1\Editor\Unity.exe
-adb2
-batchMode
-noUpm
-name
AssetImportWorker1
-projectPath
C:/Users/Admin/Desktop/prueba223/QLALA/electiva-videojuegos
-logFile
Logs/AssetImportWorker1.log
-srvPort
61743
Successfully changed project path to: C:/Users/Admin/Desktop/prueba223/QLALA/electiva-videojuegos
C:/Users/Admin/Desktop/prueba223/QLALA/electiva-videojuegos
[UnityMemory] Configuration Parameters - Can be set up in boot.config
    "memorysetup-bucket-allocator-granularity=16"
    "memorysetup-bucket-allocator-bucket-count=8"
    "memorysetup-bucket-allocator-block-size=33554432"
    "memorysetup-bucket-allocator-block-count=8"
    "memorysetup-main-allocator-block-size=16777216"
    "memorysetup-thread-allocator-block-size=16777216"
    "memorysetup-gfx-main-allocator-block-size=16777216"
    "memorysetup-gfx-thread-allocator-block-size=16777216"
    "memorysetup-cache-allocator-block-size=4194304"
    "memorysetup-typetree-allocator-block-size=2097152"
    "memorysetup-profiler-bucket-allocator-granularity=16"
    "memorysetup-profiler-bucket-allocator-bucket-count=8"
    "memorysetup-profiler-bucket-allocator-block-size=33554432"
    "memorysetup-profiler-bucket-allocator-block-count=8"
    "memorysetup-profiler-allocator-block-size=16777216"
    "memorysetup-profiler-editor-allocator-block-size=1048576"
    "memorysetup-temp-allocator-size-main=16777216"
    "memorysetup-job-temp-allocator-block-size=2097152"
    "memorysetup-job-temp-allocator-block-size-background=1048576"
    "memorysetup-job-temp-allocator-reduction-small-platforms=262144"
    "memorysetup-temp-allocator-size-background-worker=32768"
    "memorysetup-temp-allocator-size-job-worker=262144"
    "memorysetup-temp-allocator-size-preload-manager=33554432"
    "memorysetup-temp-allocator-size-nav-mesh-worker=65536"
    "memorysetup-temp-allocator-size-audio-worker=65536"
    "memorysetup-temp-allocator-size-cloud-worker=32768"
    "memorysetup-temp-allocator-size-gi-baking-worker=262144"
    "memorysetup-temp-allocator-size-gfx=262144"
Player connection [11776] Host "[IP] 192.168.0.107 [Port] 0 [Flags] 2 [Guid] 2968972700 [EditorId] 2968972700 [Version] 1048832 [Id] WindowsEditor(7,DESKTOP-9280USP) [Debug] 1 [PackageName] WindowsEditor [ProjectName] Editor" joined multi-casting on [225.0.0.222:54997]...

Player connection [11776] Host "[IP] 192.168.0.107 [Port] 0 [Flags] 2 [Guid] 2968972700 [EditorId] 2968972700 [Version] 1048832 [Id] WindowsEditor(7,DESKTOP-9280USP) [Debug] 1 [PackageName] WindowsEditor [ProjectName] Editor" joined alternative multi-casting on [225.0.0.222:34997]...

[Physics::Module] Initialized MultithreadedJobDispatcher with {0} workers.
Refreshing native plugins compatible for Editor in 62.71 ms, found 4 plugins.
Preloading 0 native plugins for Editor in 0.00 ms.
Initialize engine version: 2021.3.45f1 (0da89fac8e79)
[Subsystems] Discovering subsystems at path C:/Program Files/Unity/Hub/Editor/2021.3.45f1/Editor/Data/Resources/UnitySubsystems
[Subsystems] Discovering subsystems at path C:/Users/Admin/Desktop/prueba223/QLALA/electiva-videojuegos/Assets
GfxDevice: creating device client; threaded=0; jobified=0
Direct3D:
    Version:  Direct3D 11.0 [level 11.1]
    Renderer: Radeon (TM) RX 470 Series (ID=0x67df)
    Vendor:   ATI
    VRAM:     4039 MB
    Driver:   31.0.21923.1000
Initialize mono
Mono path[0] = 'C:/Program Files/Unity/Hub/Editor/2021.3.45f1/Editor/Data/Managed'
Mono path[1] = 'C:/Program Files/Unity/Hub/Editor/2021.3.45f1/Editor/Data/MonoBleedingEdge/lib/mono/unityjit-win32'
Mono config path = 'C:/Program Files/Unity/Hub/Editor/2021.3.45f1/Editor/Data/MonoBleedingEdge/etc'
Using monoOptions --debugger-agent=transport=dt_socket,embedding=1,server=y,suspend=n,address=127.0.0.1:56260
Begin MonoManager ReloadAssembly
Registering precompiled unity dll's ...
Register platform support module: C:/Program Files/Unity/Hub/Editor/2021.3.45f1/Editor/Data/PlaybackEngines/WebGLSupport/UnityEditor.WebGL.Extensions.dll
Register platform support module: C:/Program Files/Unity/Hub/Editor/2021.3.45f1/Editor/Data/PlaybackEngines/AndroidPlayer/UnityEditor.Android.Extensions.dll
Register platform support module: C:/Program Files/Unity/Hub/Editor/2021.3.45f1/Editor/Data/PlaybackEngines/WindowsStandaloneSupport/UnityEditor.WindowsStandalone.Extensions.dll
Registered in 0.003493 seconds.
Native extension for WindowsStandalone target not found
Native extension for Android target not found
Android Extension - Scanning For ADB Devices 189 ms
Native extension for WebGL target not found
Refreshing native plugins compatible for Editor in 50.28 ms, found 4 plugins.
Preloading 0 native plugins for Editor in 0.00 ms.
Mono: successfully reloaded assembly
- Completed reload, in  0.714 seconds
Domain Reload Profiling:
	ReloadAssembly (714ms)
		BeginReloadAssembly (76ms)
			ExecutionOrderSort (0ms)
			DisableScriptedObjects (0ms)
			BackupInstance (0ms)
			ReleaseScriptingObjects (0ms)
			CreateAndSetChildDomain (1ms)
		EndReloadAssembly (562ms)
			LoadAssemblies (75ms)
			RebuildTransferFunctionScriptingTraits (0ms)
			SetupTypeCache (93ms)
			ReleaseScriptCaches (0ms)
			RebuildScriptCaches (21ms)
			SetupLoadedEditorAssemblies (417ms)
				LogAssemblyErrors (0ms)
				InitializePlatformSupportModulesInManaged (248ms)
				SetLoadedEditorAssemblies (0ms)
				RefreshPlugins (50ms)
				BeforeProcessingInitializeOnLoad (1ms)
				ProcessInitializeOnLoadAttributes (86ms)
				ProcessInitializeOnLoadMethodAttributes (31ms)
				AfterProcessingInitializeOnLoad (0ms)
				EditorAssembliesLoaded (0ms)
			ExecutionOrderSort2 (0ms)
			AwakeInstancesAfterBackupRestoration (0ms)
Platform modules already initialized, skipping
Registering precompiled user dll's ...
Registered in 0.003907 seconds.
Begin MonoManager ReloadAssembly
Native extension for WindowsStandalone target not found
Native extension for Android target not found
Native extension for WebGL target not found
Refreshing native plugins compatible for Editor in 73.57 ms, found 4 plugins.
Preloading 0 native plugins for Editor in 0.00 ms.
Package Manager log level set to [2]
[Package Manager] Server::EnsureServerProcessIsRunning -- launch failed, reason: Unity was launched with the -noUpm command-line argument
[Package Manager] Cannot connect to Unity Package Manager local server
Mono: successfully reloaded assembly
- Completed reload, in  1.460 seconds
Domain Reload Profiling:
	ReloadAssembly (1461ms)
		BeginReloadAssembly (118ms)
			ExecutionOrderSort (0ms)
			DisableScriptedObjects (5ms)
			BackupInstance (0ms)
			ReleaseScriptingObjects (0ms)
			CreateAndSetChildDomain (19ms)
		EndReloadAssembly (1254ms)
			LoadAssemblies (110ms)
			RebuildTransferFunctionScriptingTraits (0ms)
			SetupTypeCache (253ms)
			ReleaseScriptCaches (1ms)
			RebuildScriptCaches (52ms)
			SetupLoadedEditorAssemblies (824ms)
				LogAssemblyErrors (0ms)
				InitializePlatformSupportModulesInManaged (14ms)
				SetLoadedEditorAssemblies (0ms)
				RefreshPlugins (74ms)
				BeforeProcessingInitializeOnLoad (71ms)
				ProcessInitializeOnLoadAttributes (633ms)
				ProcessInitializeOnLoadMethodAttributes (28ms)
				AfterProcessingInitializeOnLoad (4ms)
				EditorAssembliesLoaded (0ms)
			ExecutionOrderSort2 (0ms)
			AwakeInstancesAfterBackupRestoration (4ms)
Platform modules already initialized, skipping
========================================================================
Worker process is ready to serve import requests
Launched and connected shader compiler UnityShaderCompiler.exe after 0.04 seconds
Refreshing native plugins compatible for Editor in 0.61 ms, found 4 plugins.
Preloading 0 native plugins for Editor in 0.00 ms.
Unloading 3902 Unused Serialized files (Serialized files now loaded: 0)
Unloading 38 unused Assets / (46.4 KB). Loaded Objects now: 4361.
Memory consumption went from 147.1 MB to 147.1 MB.
Total: 3.570300 ms (FindLiveObjects: 0.299900 ms CreateObjectMapping: 0.258200 ms MarkObjects: 2.928200 ms  DeleteObjects: 0.082900 ms)

AssetImportParameters requested are different than current active one (requested -> active):
  custom:video-decoder-ogg-theora: a1e56fd34408186e4bbccfd4996cb3dc -> 
  custom:container-muxer-webm: aa71ff27fc2769a1b78a27578f13a17b -> 
  custom:container-demuxer-webm: 4f35f7cbe854078d1ac9338744f61a02 -> 
  custom:video-encoder-webm-vp8: eb34c28f22e8b96e1ab97ce403110664 -> 
  custom:video-codec-MediaFoundation-h265: 746d11721c4dcdbdad8f713fa42b33f4 -> 
  custom:CustomObjectIndexerAttribute: bc11b3a6c3213fcdd17b65e7da85e133 -> 
  custom:audio-encoder-webm-vorbis: bf7c407c2cedff20999df2af8eb42d56 -> 
  custom:framework-win-MediaFoundation: 216162199b28c13a410421893ffa2e32 -> 
  custom:SearchIndexIgnoredProperties: e643bd26f0fe6173181afceb89e7c659 -> 
  custom:container-demuxer-ogg: 62fdf1f143b41e24485cea50d1cbac27 -> 
  custom:video-decoder-webm-vp8: 9c59270c3fd7afecdb556c50c9e8de78 -> 
  custom:audio-decoder-ogg-vorbis: bf7c407c2cedff20999df2af8eb42d56 -> 
========================================================================
Received Import Request.
  Time since last request: 149015.475628 seconds.
  path: Assets/Assets/Tileset_38.asset
  artifactKey: Guid(d712ac04e0e19764a9b227a4f36ebb4c) Importer(815301076,1909f56bfc062723c751e8b465ee728b)
Number of updated assets reloaded before import = 0
Start importing Assets/Assets/Tileset_38.asset using Guid(d712ac04e0e19764a9b227a4f36ebb4c) Importer(815301076,1909f56bfc062723c751e8b465ee728b)  -> (artifact id: '365108a95ab5c7c1945e3dacf93a878f') in 0.087606 seconds 
Number of asset objects unloaded after import = 3
========================================================================
Received Import Request.
  Time since last request: 0.000024 seconds.
  path: Assets/Assets/Tileset_5.asset
  artifactKey: Guid(bdef854e03ba0354da2f010545f93215) Importer(815301076,1909f56bfc062723c751e8b465ee728b)
Number of updated assets reloaded before import = 0
Start importing Assets/Assets/Tileset_5.asset using Guid(bdef854e03ba0354da2f010545f93215) Importer(815301076,1909f56bfc062723c751e8b465ee728b)  -> (artifact id: '5fa6d93443da715c7d3092be000584e8') in 0.012044 seconds 
Number of asset objects unloaded after import = 3
========================================================================
Received Import Request.
  Time since last request: 0.000037 seconds.
  path: Assets/Assets/Tilesetv3_23.asset
  artifactKey: Guid(adaab82892b606d4ea18ae20209d6e56) Importer(815301076,1909f56bfc062723c751e8b465ee728b)
Number of updated assets reloaded before import = 0
Start importing Assets/Assets/Tilesetv3_23.asset using Guid(adaab82892b606d4ea18ae20209d6e56) Importer(815301076,1909f56bfc062723c751e8b465ee728b)  -> (artifact id: '9875719477a5162c6083cdd16c6e7e7e') in 0.016435 seconds 
Number of asset objects unloaded after import = 3
========================================================================
Received Import Request.
  Time since last request: 0.000025 seconds.
  path: Assets/Assets/Tileset_31.asset
  artifactKey: Guid(06dbe01cfc448a44ab5b0787ba2432d4) Importer(815301076,1909f56bfc062723c751e8b465ee728b)
Number of updated assets reloaded before import = 0
Start importing Assets/Assets/Tileset_31.asset using Guid(06dbe01cfc448a44ab5b0787ba2432d4) Importer(815301076,1909f56bfc062723c751e8b465ee728b)  -> (artifact id: '1f48a10d96a47ab5057a55320b8bf0ee') in 0.012825 seconds 
Number of asset objects unloaded after import = 3
========================================================================
Received Import Request.
  Time since last request: 0.000017 seconds.
  path: Assets/Assets/Tileset_28.asset
  artifactKey: Guid(fc9dd8195c216504580739414348946c) Importer(815301076,1909f56bfc062723c751e8b465ee728b)
Number of updated assets reloaded before import = 0
Start importing Assets/Assets/Tileset_28.asset using Guid(fc9dd8195c216504580739414348946c) Importer(815301076,1909f56bfc062723c751e8b465ee728b)  -> (artifact id: '43588f8587ae92c4f80b51a76c768de7') in 0.010968 seconds 
Number of asset objects unloaded after import = 3
========================================================================
Received Import Request.
  Time since last request: 0.000027 seconds.
  path: Assets/Assets/Tileset_35.asset
  artifactKey: Guid(e84c27529156f8d44862b571c7c15ebc) Importer(815301076,1909f56bfc062723c751e8b465ee728b)
Number of updated assets reloaded before import = 0
Start importing Assets/Assets/Tileset_35.asset using Guid(e84c27529156f8d44862b571c7c15ebc) Importer(815301076,1909f56bfc062723c751e8b465ee728b)  -> (artifact id: 'e002ec3d4f5cba3d3902a67694414c5d') in 0.011397 seconds 
Number of asset objects unloaded after import = 3
========================================================================
Received Import Request.
  Time since last request: 0.000016 seconds.
  path: Assets/Assets/Tiles_2.asset
  artifactKey: Guid(a062356a2f0d31c4cb2efec00c80e7b3) Importer(815301076,1909f56bfc062723c751e8b465ee728b)
Number of updated assets reloaded before import = 0
Start importing Assets/Assets/Tiles_2.asset using Guid(a062356a2f0d31c4cb2efec00c80e7b3) Importer(815301076,1909f56bfc062723c751e8b465ee728b)  -> (artifact id: 'e5221fb133ee45851e2659238762aa46') in 0.012687 seconds 
Number of asset objects unloaded after import = 3
========================================================================
Received Import Request.
  Time since last request: 0.000017 seconds.
  path: Assets/Assets/Tilesetv3_9.asset
  artifactKey: Guid(b74a39c193ab21d428513a33eb9fa0e4) Importer(815301076,1909f56bfc062723c751e8b465ee728b)
Number of updated assets reloaded before import = 0
Start importing Assets/Assets/Tilesetv3_9.asset using Guid(b74a39c193ab21d428513a33eb9fa0e4) Importer(815301076,1909f56bfc062723c751e8b465ee728b)  -> (artifact id: '313830a3ba5b06903f1b12a6bb19c00e') in 0.012055 seconds 
Number of asset objects unloaded after import = 3
========================================================================
Received Import Request.
  Time since last request: 0.000015 seconds.
  path: Assets/Assets/Tiles_1.asset
  artifactKey: Guid(b5fa269421504ab4880f1b64a5176da5) Importer(815301076,1909f56bfc062723c751e8b465ee728b)
Number of updated assets reloaded before import = 0
Start importing Assets/Assets/Tiles_1.asset using Guid(b5fa269421504ab4880f1b64a5176da5) Importer(815301076,1909f56bfc062723c751e8b465ee728b)  -> (artifact id: '41ba536139054e07bd373026b5d2d7ab') in 0.011820 seconds 
Number of asset objects unloaded after import = 3
========================================================================
Received Import Request.
  Time since last request: 0.000016 seconds.
  path: Assets/Assets/Tilesetv3_7.asset
  artifactKey: Guid(a5ef4eed4b87939458773afec6b39d6e) Importer(815301076,1909f56bfc062723c751e8b465ee728b)
Number of updated assets reloaded before import = 0
Start importing Assets/Assets/Tilesetv3_7.asset using Guid(a5ef4eed4b87939458773afec6b39d6e) Importer(815301076,1909f56bfc062723c751e8b465ee728b)  -> (artifact id: '9b390d509c93ea2a9de30b2229e01fcc') in 0.010381 seconds 
Number of asset objects unloaded after import = 3
========================================================================
Received Import Request.
  Time since last request: 0.000015 seconds.
  path: Assets/Assets/Tilesetv3_8.asset
  artifactKey: Guid(fd25079555c91cd43b0f59e8bb99ea01) Importer(815301076,1909f56bfc062723c751e8b465ee728b)
Number of updated assets reloaded before import = 0
Start importing Assets/Assets/Tilesetv3_8.asset using Guid(fd25079555c91cd43b0f59e8bb99ea01) Importer(815301076,1909f56bfc062723c751e8b465ee728b)  -> (artifact id: 'af7d567c228b539bbe02183012e5e544') in 0.011666 seconds 
Number of asset objects unloaded after import = 3
========================================================================
Received Import Request.
  Time since last request: 0.000019 seconds.
  path: Assets/Assets/Tileset_9.asset
  artifactKey: Guid(42ee0fe82955a7b4b8ef97ebdfd14b6b) Importer(815301076,1909f56bfc062723c751e8b465ee728b)
Number of updated assets reloaded before import = 0
Start importing Assets/Assets/Tileset_9.asset using Guid(42ee0fe82955a7b4b8ef97ebdfd14b6b) Importer(815301076,1909f56bfc062723c751e8b465ee728b)  -> (artifact id: '33dc39f5b5103051ec14d93b828b1e3f') in 0.011716 seconds 
Number of asset objects unloaded after import = 3
========================================================================
Received Import Request.
  Time since last request: 0.000018 seconds.
  path: Assets/Assets/Tileset_32.asset
  artifactKey: Guid(408d2f20382ac374b856a028a8bde504) Importer(815301076,1909f56bfc062723c751e8b465ee728b)
Number of updated assets reloaded before import = 0
Start importing Assets/Assets/Tileset_32.asset using Guid(408d2f20382ac374b856a028a8bde504) Importer(815301076,1909f56bfc062723c751e8b465ee728b)  -> (artifact id: '0cf2ec7f59c54fcc5dd3a7d74da35d79') in 0.011804 seconds 
Number of asset objects unloaded after import = 3
========================================================================
Received Import Request.
  Time since last request: 0.000021 seconds.
  path: Assets/Assets/Tileset_48.asset
  artifactKey: Guid(a0c9b6c38e05ee146bf422f9ab99297b) Importer(815301076,1909f56bfc062723c751e8b465ee728b)
Number of updated assets reloaded before import = 0
Start importing Assets/Assets/Tileset_48.asset using Guid(a0c9b6c38e05ee146bf422f9ab99297b) Importer(815301076,1909f56bfc062723c751e8b465ee728b)  -> (artifact id: 'f3c1bd5fd167105d672c336052a275c2') in 0.010588 seconds 
Number of asset objects unloaded after import = 3
========================================================================
Received Import Request.
  Time since last request: 0.000024 seconds.
  path: Assets/Assets/Tilesetv3_17.asset
  artifactKey: Guid(19acf55c04356224ba9ce8a14ac5e2dd) Importer(815301076,1909f56bfc062723c751e8b465ee728b)
Number of updated assets reloaded before import = 0
Start importing Assets/Assets/Tilesetv3_17.asset using Guid(19acf55c04356224ba9ce8a14ac5e2dd) Importer(815301076,1909f56bfc062723c751e8b465ee728b)  -> (artifact id: '5434564217f95b1cc2aa6341a0db64f4') in 0.022823 seconds 
Number of asset objects unloaded after import = 3
========================================================================
Received Import Request.
  Time since last request: 0.000017 seconds.
  path: Assets/Assets/Tiles_3.asset
  artifactKey: Guid(67d761acfedf5d1428f2758ff1e3a8ea) Importer(815301076,1909f56bfc062723c751e8b465ee728b)
Number of updated assets reloaded before import = 0
Start importing Assets/Assets/Tiles_3.asset using Guid(67d761acfedf5d1428f2758ff1e3a8ea) Importer(815301076,1909f56bfc062723c751e8b465ee728b)  -> (artifact id: 'cb52e4ffae05e9688e44331ec2baa2be') in 0.016663 seconds 
Number of asset objects unloaded after import = 3
========================================================================
Received Import Request.
  Time since last request: 0.000022 seconds.
  path: Assets/Assets/Tileset_58.asset
  artifactKey: Guid(e5242000c8bb7724db1b33e6f9e505cd) Importer(815301076,1909f56bfc062723c751e8b465ee728b)
Number of updated assets reloaded before import = 0
Start importing Assets/Assets/Tileset_58.asset using Guid(e5242000c8bb7724db1b33e6f9e505cd) Importer(815301076,1909f56bfc062723c751e8b465ee728b)  -> (artifact id: 'e95f4a34890a037a8393b34ddbdb8dd7') in 0.014459 seconds 
Number of asset objects unloaded after import = 3
========================================================================
Received Import Request.
  Time since last request: 0.000019 seconds.
  path: Assets/Assets/Tileset_10.asset
  artifactKey: Guid(2222b85f580241a4a9f20f13a369331d) Importer(815301076,1909f56bfc062723c751e8b465ee728b)
Number of updated assets reloaded before import = 0
Start importing Assets/Assets/Tileset_10.asset using Guid(2222b85f580241a4a9f20f13a369331d) Importer(815301076,1909f56bfc062723c751e8b465ee728b)  -> (artifact id: '6b283cc5d5019cac92ee3283f3dc5022') in 0.011650 seconds 
Number of asset objects unloaded after import = 3
========================================================================
Received Import Request.
  Time since last request: 0.000023 seconds.
  path: Assets/Assets/Tileset_50.asset
  artifactKey: Guid(244a8a6ac7e1edb44a4f6bdeb9a3a65a) Importer(815301076,1909f56bfc062723c751e8b465ee728b)
Number of updated assets reloaded before import = 0
Start importing Assets/Assets/Tileset_50.asset using Guid(244a8a6ac7e1edb44a4f6bdeb9a3a65a) Importer(815301076,1909f56bfc062723c751e8b465ee728b)  -> (artifact id: 'e8cc885503e6b46366ed1e3051a04c13') in 0.011366 seconds 
Number of asset objects unloaded after import = 3
========================================================================
Received Import Request.
  Time since last request: 0.000026 seconds.
  path: Assets/Assets/Tilesetv3_5.asset
  artifactKey: Guid(08c4d203503aa3a4c8bebe8026015f14) Importer(815301076,1909f56bfc062723c751e8b465ee728b)
Number of updated assets reloaded before import = 0
Start importing Assets/Assets/Tilesetv3_5.asset using Guid(08c4d203503aa3a4c8bebe8026015f14) Importer(815301076,1909f56bfc062723c751e8b465ee728b)  -> (artifact id: 'f35164c393139906aa204eeafea15b4a') in 0.010814 seconds 
Number of asset objects unloaded after import = 3
========================================================================
Received Import Request.
  Time since last request: 0.000023 seconds.
  path: Assets/Assets/Tileset_26.asset
  artifactKey: Guid(6b55ddb76000dcd4080870da2650dbe3) Importer(815301076,1909f56bfc062723c751e8b465ee728b)
Number of updated assets reloaded before import = 0
Start importing Assets/Assets/Tileset_26.asset using Guid(6b55ddb76000dcd4080870da2650dbe3) Importer(815301076,1909f56bfc062723c751e8b465ee728b)  -> (artifact id: 'a253d31b4ba53a526f2da84bac1a79bf') in 0.012842 seconds 
Number of asset objects unloaded after import = 3
========================================================================
Received Import Request.
  Time since last request: 0.000019 seconds.
  path: Assets/Assets/Tilesetv3_11.asset
  artifactKey: Guid(ee05946e092bfa542b94dc65cf954567) Importer(815301076,1909f56bfc062723c751e8b465ee728b)
Number of updated assets reloaded before import = 0
Start importing Assets/Assets/Tilesetv3_11.asset using Guid(ee05946e092bfa542b94dc65cf954567) Importer(815301076,1909f56bfc062723c751e8b465ee728b)  -> (artifact id: '284988019e683e090c55fd41768c51fc') in 0.013135 seconds 
Number of asset objects unloaded after import = 3
========================================================================
Received Import Request.
  Time since last request: 0.000016 seconds.
  path: Assets/Assets/Tileset_34.asset
  artifactKey: Guid(6b949f4da7b05824d93df5d60f8a47cb) Importer(815301076,1909f56bfc062723c751e8b465ee728b)
Number of updated assets reloaded before import = 0
Start importing Assets/Assets/Tileset_34.asset using Guid(6b949f4da7b05824d93df5d60f8a47cb) Importer(815301076,1909f56bfc062723c751e8b465ee728b)  -> (artifact id: '6397a2bf32d9d31f8d383e8818310370') in 0.011244 seconds 
Number of asset objects unloaded after import = 3
========================================================================
Received Import Request.
  Time since last request: 0.000018 seconds.
  path: Assets/Assets/Tilesetv3_4.asset
  artifactKey: Guid(e61efeceeb16b4c4c924f3e234df6103) Importer(815301076,1909f56bfc062723c751e8b465ee728b)
Number of updated assets reloaded before import = 0
Start importing Assets/Assets/Tilesetv3_4.asset using Guid(e61efeceeb16b4c4c924f3e234df6103) Importer(815301076,1909f56bfc062723c751e8b465ee728b)  -> (artifact id: '7ad72090991ddc1bbe4144b68bceaab9') in 0.011708 seconds 
Number of asset objects unloaded after import = 3
========================================================================
Received Import Request.
  Time since last request: 0.000030 seconds.
  path: Assets/Assets/Tileset_51.asset
  artifactKey: Guid(cf262e1d4c821754ba3e63947e5538b4) Importer(815301076,1909f56bfc062723c751e8b465ee728b)
Number of updated assets reloaded before import = 0
Start importing Assets/Assets/Tileset_51.asset using Guid(cf262e1d4c821754ba3e63947e5538b4) Importer(815301076,1909f56bfc062723c751e8b465ee728b)  -> (artifact id: '2ecf1333f75d392ad9868507998ba397') in 0.011612 seconds 
Number of asset objects unloaded after import = 3
========================================================================
Received Import Request.
  Time since last request: 0.000016 seconds.
  path: Assets/Assets/Tileset_6.asset
  artifactKey: Guid(ea1b955e571b9cf4b9cd268a236154dd) Importer(815301076,1909f56bfc062723c751e8b465ee728b)
Number of updated assets reloaded before import = 0
Start importing Assets/Assets/Tileset_6.asset using Guid(ea1b955e571b9cf4b9cd268a236154dd) Importer(815301076,1909f56bfc062723c751e8b465ee728b)  -> (artifact id: 'a618cd23521159fedb6d6b4e50c8bd8b') in 0.009995 seconds 
Number of asset objects unloaded after import = 3
========================================================================
Received Import Request.
  Time since last request: 0.000016 seconds.
  path: Assets/Assets/Tileset_42.asset
  artifactKey: Guid(6d9e956354c6ac141b27ffe63f96d787) Importer(815301076,1909f56bfc062723c751e8b465ee728b)
Number of updated assets reloaded before import = 0
Start importing Assets/Assets/Tileset_42.asset using Guid(6d9e956354c6ac141b27ffe63f96d787) Importer(815301076,1909f56bfc062723c751e8b465ee728b)  -> (artifact id: 'ec050542ee063a4a40916e1c63a99a1e') in 0.010173 seconds 
Number of asset objects unloaded after import = 3
========================================================================
Received Import Request.
  Time since last request: 0.000020 seconds.
  path: Assets/Assets/Tiles_7.asset
  artifactKey: Guid(c40cb86366f1551479ef8843b44c4498) Importer(815301076,1909f56bfc062723c751e8b465ee728b)
Number of updated assets reloaded before import = 0
Start importing Assets/Assets/Tiles_7.asset using Guid(c40cb86366f1551479ef8843b44c4498) Importer(815301076,1909f56bfc062723c751e8b465ee728b)  -> (artifact id: '9c2eb6a393daf80c6e375009fde7810e') in 0.011780 seconds 
Number of asset objects unloaded after import = 3
========================================================================
Received Import Request.
  Time since last request: 0.000018 seconds.
  path: Assets/Assets/Tileset_13.asset
  artifactKey: Guid(13b4b7d418eb60143b826f27deae1c21) Importer(815301076,1909f56bfc062723c751e8b465ee728b)
Number of updated assets reloaded before import = 0
Start importing Assets/Assets/Tileset_13.asset using Guid(13b4b7d418eb60143b826f27deae1c21) Importer(815301076,1909f56bfc062723c751e8b465ee728b)  -> (artifact id: 'f6b37a3de96811c7042859d1d35caa3f') in 0.011620 seconds 
Number of asset objects unloaded after import = 3
========================================================================
Received Import Request.
  Time since last request: 0.000015 seconds.
  path: Assets/Assets/Tileset_27.asset
  artifactKey: Guid(7c73187b3ccfc054ca056e662aee9359) Importer(815301076,1909f56bfc062723c751e8b465ee728b)
Number of updated assets reloaded before import = 0
Start importing Assets/Assets/Tileset_27.asset using Guid(7c73187b3ccfc054ca056e662aee9359) Importer(815301076,1909f56bfc062723c751e8b465ee728b)  -> (artifact id: '9fb87b7c1b62dbe033a6e697c7612e18') in 0.010233 seconds 
Number of asset objects unloaded after import = 3
========================================================================
Received Import Request.
  Time since last request: 0.000014 seconds.
  path: Assets/Assets/Tileset_12.asset
  artifactKey: Guid(1620fa86945df834682993a829ea7b0a) Importer(815301076,1909f56bfc062723c751e8b465ee728b)
Number of updated assets reloaded before import = 0
Start importing Assets/Assets/Tileset_12.asset using Guid(1620fa86945df834682993a829ea7b0a) Importer(815301076,1909f56bfc062723c751e8b465ee728b)  -> (artifact id: '4b4e1bbb120c3562fce8186cc11a6465') in 0.010604 seconds 
Number of asset objects unloaded after import = 3
========================================================================
Received Import Request.
  Time since last request: 0.000060 seconds.
  path: Assets/Assets/Tilesetv3_20.asset
  artifactKey: Guid(521b7b977dbf0f34abc570a2da9f62dc) Importer(815301076,1909f56bfc062723c751e8b465ee728b)
Number of updated assets reloaded before import = 0
Start importing Assets/Assets/Tilesetv3_20.asset using Guid(521b7b977dbf0f34abc570a2da9f62dc) Importer(815301076,1909f56bfc062723c751e8b465ee728b)  -> (artifact id: '8867eb9bffcac3b680f964ad5cba2218') in 0.014130 seconds 
Number of asset objects unloaded after import = 3
========================================================================
Received Import Request.
  Time since last request: 0.000020 seconds.
  path: Assets/Assets/Tileset_25.asset
  artifactKey: Guid(a7f16ca35ee64d14d806abf2786cf918) Importer(815301076,1909f56bfc062723c751e8b465ee728b)
Number of updated assets reloaded before import = 0
Start importing Assets/Assets/Tileset_25.asset using Guid(a7f16ca35ee64d14d806abf2786cf918) Importer(815301076,1909f56bfc062723c751e8b465ee728b)  -> (artifact id: '447632b243dca69179a24f901e34ec95') in 0.010581 seconds 
Number of asset objects unloaded after import = 3
========================================================================
Received Import Request.
  Time since last request: 0.000021 seconds.
  path: Assets/Assets/Tileset_29.asset
  artifactKey: Guid(cebdc25fd9971bd4887529bc3569cb7d) Importer(815301076,1909f56bfc062723c751e8b465ee728b)
Number of updated assets reloaded before import = 0
Start importing Assets/Assets/Tileset_29.asset using Guid(cebdc25fd9971bd4887529bc3569cb7d) Importer(815301076,1909f56bfc062723c751e8b465ee728b)  -> (artifact id: '9b1536e12545e5933569ad86efc3f7d6') in 0.011435 seconds 
Number of asset objects unloaded after import = 3
========================================================================
Received Import Request.
  Time since last request: 0.000014 seconds.
  path: Assets/Assets/Tilesetv3_10.asset
  artifactKey: Guid(67e4b66f4b0f45c4f99e965531f5bb40) Importer(815301076,1909f56bfc062723c751e8b465ee728b)
Number of updated assets reloaded before import = 0
Start importing Assets/Assets/Tilesetv3_10.asset using Guid(67e4b66f4b0f45c4f99e965531f5bb40) Importer(815301076,1909f56bfc062723c751e8b465ee728b)  -> (artifact id: '064eb36f597208ad15e7a77765d2d5eb') in 0.016059 seconds 
Number of asset objects unloaded after import = 3
========================================================================
Received Import Request.
  Time since last request: 0.000020 seconds.
  path: Assets/Assets/Tileset_36.asset
  artifactKey: Guid(f3d1d7e3e7d16f645bc5328e178d11c0) Importer(815301076,1909f56bfc062723c751e8b465ee728b)
Number of updated assets reloaded before import = 0
Start importing Assets/Assets/Tileset_36.asset using Guid(f3d1d7e3e7d16f645bc5328e178d11c0) Importer(815301076,1909f56bfc062723c751e8b465ee728b)  -> (artifact id: 'fa49d1dd35133988d22f2d757abe325f') in 0.019203 seconds 
Number of asset objects unloaded after import = 3
========================================================================
Received Import Request.
  Time since last request: 0.000038 seconds.
  path: Assets/Assets/Tileset_15.asset
  artifactKey: Guid(f10f522a8c5525e4bb2c02b25a1253be) Importer(815301076,1909f56bfc062723c751e8b465ee728b)
Number of updated assets reloaded before import = 0
Start importing Assets/Assets/Tileset_15.asset using Guid(f10f522a8c5525e4bb2c02b25a1253be) Importer(815301076,1909f56bfc062723c751e8b465ee728b)  -> (artifact id: '4eb2ae3a6b4057387ac6abd08d015c32') in 0.019964 seconds 
Number of asset objects unloaded after import = 3
========================================================================
Received Import Request.
  Time since last request: 0.000020 seconds.
  path: Assets/Assets/Tileset_19.asset
  artifactKey: Guid(8b659895a5daac843b170c549788038e) Importer(815301076,1909f56bfc062723c751e8b465ee728b)
Number of updated assets reloaded before import = 0
Start importing Assets/Assets/Tileset_19.asset using Guid(8b659895a5daac843b170c549788038e) Importer(815301076,1909f56bfc062723c751e8b465ee728b)  -> (artifact id: '60770bd679ac1acc02e0c873cdf7bb71') in 0.011866 seconds 
Number of asset objects unloaded after import = 3
========================================================================
Received Import Request.
  Time since last request: 0.000018 seconds.
  path: Assets/Assets/Tilesetv3_15.asset
  artifactKey: Guid(0909b84b63480404bbb55962d1e07604) Importer(815301076,1909f56bfc062723c751e8b465ee728b)
Number of updated assets reloaded before import = 0
Start importing Assets/Assets/Tilesetv3_15.asset using Guid(0909b84b63480404bbb55962d1e07604) Importer(815301076,1909f56bfc062723c751e8b465ee728b)  -> (artifact id: '5450cf2e8081d1b0e64cd499016e1ab8') in 0.011317 seconds 
Number of asset objects unloaded after import = 3
========================================================================
Received Import Request.
  Time since last request: 0.000020 seconds.
  path: Assets/Assets/Tileset_39.asset
  artifactKey: Guid(352e5fa4240f8d34d901ae5cc7c99c82) Importer(815301076,1909f56bfc062723c751e8b465ee728b)
Number of updated assets reloaded before import = 0
Start importing Assets/Assets/Tileset_39.asset using Guid(352e5fa4240f8d34d901ae5cc7c99c82) Importer(815301076,1909f56bfc062723c751e8b465ee728b)  -> (artifact id: '10363ec87d5106a78cbb730fbcd8a668') in 0.011225 seconds 
Number of asset objects unloaded after import = 3
========================================================================
Received Import Request.
  Time since last request: 0.000017 seconds.
  path: Assets/Assets/Tileset_40.asset
  artifactKey: Guid(254de4c4460d9634fad850b2bd91e0d0) Importer(815301076,1909f56bfc062723c751e8b465ee728b)
Number of updated assets reloaded before import = 0
Start importing Assets/Assets/Tileset_40.asset using Guid(254de4c4460d9634fad850b2bd91e0d0) Importer(815301076,1909f56bfc062723c751e8b465ee728b)  -> (artifact id: 'f76ffea86f3c146dc4d1edb5c173f9ff') in 0.011955 seconds 
Number of asset objects unloaded after import = 3
========================================================================
Received Import Request.
  Time since last request: 0.000017 seconds.
  path: Assets/Assets/Tilesetv3_1.asset
  artifactKey: Guid(4280cdc84b46b43419fbd6c47f5ceba8) Importer(815301076,1909f56bfc062723c751e8b465ee728b)
Number of updated assets reloaded before import = 0
Start importing Assets/Assets/Tilesetv3_1.asset using Guid(4280cdc84b46b43419fbd6c47f5ceba8) Importer(815301076,1909f56bfc062723c751e8b465ee728b)  -> (artifact id: '5b5c70aa2bf4ce8afb3760f15f13d55d') in 0.010510 seconds 
Number of asset objects unloaded after import = 3
========================================================================
Received Import Request.
  Time since last request: 0.000019 seconds.
  path: Assets/Assets/Tilesetv3_12.asset
  artifactKey: Guid(ff21260e42daf3a4da93c4123b2d9568) Importer(815301076,1909f56bfc062723c751e8b465ee728b)
Number of updated assets reloaded before import = 0
Start importing Assets/Assets/Tilesetv3_12.asset using Guid(ff21260e42daf3a4da93c4123b2d9568) Importer(815301076,1909f56bfc062723c751e8b465ee728b)  -> (artifact id: 'bda1ce367699db2004d5eb9e7d4eebdf') in 0.010384 seconds 
Number of asset objects unloaded after import = 3
========================================================================
Received Import Request.
  Time since last request: 0.000015 seconds.
  path: Assets/Assets/Tileset_46.asset
  artifactKey: Guid(fa78c2bd8e9e3c240838fcc05794f6f2) Importer(815301076,1909f56bfc062723c751e8b465ee728b)
Number of updated assets reloaded before import = 0
Start importing Assets/Assets/Tileset_46.asset using Guid(fa78c2bd8e9e3c240838fcc05794f6f2) Importer(815301076,1909f56bfc062723c751e8b465ee728b)  -> (artifact id: '7dfbf1323b4ac0674b3ecf38f4defd8a') in 0.011069 seconds 
Number of asset objects unloaded after import = 3
========================================================================
Received Import Request.
  Time since last request: 0.000014 seconds.
  path: Assets/Assets/Tileset_16.asset
  artifactKey: Guid(1e15cb427e621c94a85e4e6e2dedbdfc) Importer(815301076,1909f56bfc062723c751e8b465ee728b)
Number of updated assets reloaded before import = 0
Start importing Assets/Assets/Tileset_16.asset using Guid(1e15cb427e621c94a85e4e6e2dedbdfc) Importer(815301076,1909f56bfc062723c751e8b465ee728b)  -> (artifact id: '6e2eccae47ea41cf12108668aa16ac3d') in 0.009945 seconds 
Number of asset objects unloaded after import = 3
========================================================================
Received Import Request.
  Time since last request: 0.000015 seconds.
  path: Assets/Assets/Tilesetv3_13.asset
  artifactKey: Guid(2c8c6a0fb1152f64982231112246d831) Importer(815301076,1909f56bfc062723c751e8b465ee728b)
Number of updated assets reloaded before import = 0
Start importing Assets/Assets/Tilesetv3_13.asset using Guid(2c8c6a0fb1152f64982231112246d831) Importer(815301076,1909f56bfc062723c751e8b465ee728b)  -> (artifact id: '26c92f3e172be4801bdf7ba9307a8211') in 0.011441 seconds 
Number of asset objects unloaded after import = 3
========================================================================
Received Import Request.
  Time since last request: 0.000015 seconds.
  path: Assets/Assets/Tileset_18.asset
  artifactKey: Guid(a0da68225207b564aba2f70283c0bcc6) Importer(815301076,1909f56bfc062723c751e8b465ee728b)
Number of updated assets reloaded before import = 0
Start importing Assets/Assets/Tileset_18.asset using Guid(a0da68225207b564aba2f70283c0bcc6) Importer(815301076,1909f56bfc062723c751e8b465ee728b)  -> (artifact id: '1a7a8cf3a7b1e2a88cb2ddfe5e66c1fd') in 0.010332 seconds 
Number of asset objects unloaded after import = 3
========================================================================
Received Import Request.
  Time since last request: 0.000015 seconds.
  path: Assets/Assets/Tileset_43.asset
  artifactKey: Guid(90e1be3ed558faf429287e461f2ca95a) Importer(815301076,1909f56bfc062723c751e8b465ee728b)
Number of updated assets reloaded before import = 0
Start importing Assets/Assets/Tileset_43.asset using Guid(90e1be3ed558faf429287e461f2ca95a) Importer(815301076,1909f56bfc062723c751e8b465ee728b)  -> (artifact id: '3258c2a34317acc3755e274a16e69324') in 0.010409 seconds 
Number of asset objects unloaded after import = 3
========================================================================
Received Import Request.
  Time since last request: 21.356186 seconds.
  path: Assets/Assets/Tilesetv3_26.asset
  artifactKey: Guid(d84649bc17372704ea66f66c69e2f86e) Importer(815301076,1909f56bfc062723c751e8b465ee728b)
Number of updated assets reloaded before import = 0
Start importing Assets/Assets/Tilesetv3_26.asset using Guid(d84649bc17372704ea66f66c69e2f86e) Importer(815301076,1909f56bfc062723c751e8b465ee728b)  -> (artifact id: '1996b504e60391defdc121819ad3289d') in 0.016996 seconds 
Number of asset objects unloaded after import = 3
========================================================================
Received Import Request.
  Time since last request: 0.000017 seconds.
  path: Assets/Assets/Tilesetv3_32.asset
  artifactKey: Guid(53782f641790066429e8f525237b0a69) Importer(815301076,1909f56bfc062723c751e8b465ee728b)
Number of updated assets reloaded before import = 0
Start importing Assets/Assets/Tilesetv3_32.asset using Guid(53782f641790066429e8f525237b0a69) Importer(815301076,1909f56bfc062723c751e8b465ee728b)  -> (artifact id: '4ea4a2dbca9ee6c9d8e3345ad0fa9cce') in 0.011878 seconds 
Number of asset objects unloaded after import = 3
========================================================================
Received Import Request.
  Time since last request: 0.000015 seconds.
  path: Assets/Assets/Tilesetv3_30.asset
  artifactKey: Guid(f54425e3737ee264ab622a03263f19ad) Importer(815301076,1909f56bfc062723c751e8b465ee728b)
Number of updated assets reloaded before import = 0
Start importing Assets/Assets/Tilesetv3_30.asset using Guid(f54425e3737ee264ab622a03263f19ad) Importer(815301076,1909f56bfc062723c751e8b465ee728b)  -> (artifact id: 'c2c397e74996faa445d749f20c5de9f8') in 0.013451 seconds 
Number of asset objects unloaded after import = 3
========================================================================
Received Import Request.
  Time since last request: 0.000025 seconds.
  path: Assets/Assets/Tilesetv3_28.asset
  artifactKey: Guid(6c9e2e8b2bc37d843959af67ab1d5b71) Importer(815301076,1909f56bfc062723c751e8b465ee728b)
Number of updated assets reloaded before import = 0
Start importing Assets/Assets/Tilesetv3_28.asset using Guid(6c9e2e8b2bc37d843959af67ab1d5b71) Importer(815301076,1909f56bfc062723c751e8b465ee728b)  -> (artifact id: '36a84e466f668e572701d91583415868') in 0.010180 seconds 
Number of asset objects unloaded after import = 3
========================================================================
Received Import Request.
  Time since last request: 0.000027 seconds.
  path: Assets/Assets/Tilesetv3_35.asset
  artifactKey: Guid(67980a90b78eba848a1e45fe16ed0cd9) Importer(815301076,1909f56bfc062723c751e8b465ee728b)
Number of updated assets reloaded before import = 0
Start importing Assets/Assets/Tilesetv3_35.asset using Guid(67980a90b78eba848a1e45fe16ed0cd9) Importer(815301076,1909f56bfc062723c751e8b465ee728b)  -> (artifact id: '6a885d6393c4117adc6b22d17ce3d9aa') in 0.011745 seconds 
Number of asset objects unloaded after import = 3
========================================================================
Received Import Request.
  Time since last request: 0.000020 seconds.
  path: Assets/Assets/Tilesetv3_34.asset
  artifactKey: Guid(e00889b63bed87748bc07e426bad3c1b) Importer(815301076,1909f56bfc062723c751e8b465ee728b)
Number of updated assets reloaded before import = 0
Start importing Assets/Assets/Tilesetv3_34.asset using Guid(e00889b63bed87748bc07e426bad3c1b) Importer(815301076,1909f56bfc062723c751e8b465ee728b)  -> (artifact id: 'ac1eb0f0e5d6756adbe35e6a9c5c6117') in 0.010358 seconds 
Number of asset objects unloaded after import = 3
========================================================================
Received Import Request.
  Time since last request: 0.129757 seconds.
  path: Assets/Assets/Tilesetv3_38.asset
  artifactKey: Guid(69011745e37298e42926e81d6086d434) Importer(815301076,1909f56bfc062723c751e8b465ee728b)
Number of updated assets reloaded before import = 0
Start importing Assets/Assets/Tilesetv3_38.asset using Guid(69011745e37298e42926e81d6086d434) Importer(815301076,1909f56bfc062723c751e8b465ee728b)  -> (artifact id: 'b3578140cab49b4a98048d63ad415650') in 0.014482 seconds 
Number of asset objects unloaded after import = 3
========================================================================
Received Import Request.
  Time since last request: 0.000020 seconds.
  path: Assets/Assets/Tilesetv3_42.asset
  artifactKey: Guid(8b005e8958208444192b40c8666794e4) Importer(815301076,1909f56bfc062723c751e8b465ee728b)
Number of updated assets reloaded before import = 0
Start importing Assets/Assets/Tilesetv3_42.asset using Guid(8b005e8958208444192b40c8666794e4) Importer(815301076,1909f56bfc062723c751e8b465ee728b)  -> (artifact id: '74197e77b897c14c5ce02f04e663d5df') in 0.023928 seconds 
Number of asset objects unloaded after import = 3
========================================================================
Received Import Request.
  Time since last request: 0.000016 seconds.
  path: Assets/Assets/Tilesetv3_63.asset
  artifactKey: Guid(104b15c4144ef594abee5d705c9feeaf) Importer(815301076,1909f56bfc062723c751e8b465ee728b)
Number of updated assets reloaded before import = 0
Start importing Assets/Assets/Tilesetv3_63.asset using Guid(104b15c4144ef594abee5d705c9feeaf) Importer(815301076,1909f56bfc062723c751e8b465ee728b)  -> (artifact id: '1354e68c2db99703097f215f9334306f') in 0.012916 seconds 
Number of asset objects unloaded after import = 3
========================================================================
Received Import Request.
  Time since last request: 0.000018 seconds.
  path: Assets/Assets/Tilesetv3_68.asset
  artifactKey: Guid(c7c29a70925c40e479d70dc02ff79daa) Importer(815301076,1909f56bfc062723c751e8b465ee728b)
Number of updated assets reloaded before import = 0
Start importing Assets/Assets/Tilesetv3_68.asset using Guid(c7c29a70925c40e479d70dc02ff79daa) Importer(815301076,1909f56bfc062723c751e8b465ee728b)  -> (artifact id: '3ef28e6247b2778c9f5f391858e6853b') in 0.011761 seconds 
Number of asset objects unloaded after import = 3
========================================================================
Received Import Request.
  Time since last request: 0.000022 seconds.
  path: Assets/Assets/Tilesetv3_82.asset
  artifactKey: Guid(d7bda49c812cdfd4c9f610ade1156192) Importer(815301076,1909f56bfc062723c751e8b465ee728b)
Number of updated assets reloaded before import = 0
Start importing Assets/Assets/Tilesetv3_82.asset using Guid(d7bda49c812cdfd4c9f610ade1156192) Importer(815301076,1909f56bfc062723c751e8b465ee728b)  -> (artifact id: '7b980587241ea030f82843a04a98b115') in 0.010622 seconds 
Number of asset objects unloaded after import = 3
========================================================================
Received Import Request.
  Time since last request: 0.000014 seconds.
  path: Assets/Assets/Tilesetv3_89.asset
  artifactKey: Guid(532074ecf827eb54188fc0d0dec8d843) Importer(815301076,1909f56bfc062723c751e8b465ee728b)
Number of updated assets reloaded before import = 0
Start importing Assets/Assets/Tilesetv3_89.asset using Guid(532074ecf827eb54188fc0d0dec8d843) Importer(815301076,1909f56bfc062723c751e8b465ee728b)  -> (artifact id: 'cd9932bc8676934e18ec236c4194966d') in 0.011357 seconds 
Number of asset objects unloaded after import = 3
========================================================================
Received Import Request.
  Time since last request: 0.000013 seconds.
  path: Assets/Assets/Tilesetv3_75.asset
  artifactKey: Guid(57d653a76e7c6fe4bb80e5e90f277e90) Importer(815301076,1909f56bfc062723c751e8b465ee728b)
Number of updated assets reloaded before import = 0
Start importing Assets/Assets/Tilesetv3_75.asset using Guid(57d653a76e7c6fe4bb80e5e90f277e90) Importer(815301076,1909f56bfc062723c751e8b465ee728b)  -> (artifact id: '2d03c609b3c7d27b8255b47dd3b2ada7') in 0.010723 seconds 
Number of asset objects unloaded after import = 3
========================================================================
Received Import Request.
  Time since last request: 0.000016 seconds.
  path: Assets/Assets/Tilesetv3_57.asset
  artifactKey: Guid(d8edddfce1f0bb44083a0d22a328b13e) Importer(815301076,1909f56bfc062723c751e8b465ee728b)
Number of updated assets reloaded before import = 0
Start importing Assets/Assets/Tilesetv3_57.asset using Guid(d8edddfce1f0bb44083a0d22a328b13e) Importer(815301076,1909f56bfc062723c751e8b465ee728b)  -> (artifact id: '71fc5ed51e6784b5a1155eab23552002') in 0.010897 seconds 
Number of asset objects unloaded after import = 3
========================================================================
Received Import Request.
  Time since last request: 0.000016 seconds.
  path: Assets/Assets/Tilesetv3_44.asset
  artifactKey: Guid(b4777413cba982941be3e8d2f377debb) Importer(815301076,1909f56bfc062723c751e8b465ee728b)
Number of updated assets reloaded before import = 0
Start importing Assets/Assets/Tilesetv3_44.asset using Guid(b4777413cba982941be3e8d2f377debb) Importer(815301076,1909f56bfc062723c751e8b465ee728b)  -> (artifact id: '9a43d86d1034d3c1a4a1bed953cab250') in 0.009687 seconds 
Number of asset objects unloaded after import = 3
========================================================================
Received Import Request.
  Time since last request: 0.000018 seconds.
  path: Assets/Assets/Tilesetv3_73.asset
  artifactKey: Guid(518be1940c8928443a8b6d869be85d3c) Importer(815301076,1909f56bfc062723c751e8b465ee728b)
Number of updated assets reloaded before import = 0
Start importing Assets/Assets/Tilesetv3_73.asset using Guid(518be1940c8928443a8b6d869be85d3c) Importer(815301076,1909f56bfc062723c751e8b465ee728b)  -> (artifact id: '2ffa99ee8499bb3a794bb7605be804bc') in 0.010971 seconds 
Number of asset objects unloaded after import = 3
========================================================================
Received Import Request.
  Time since last request: 0.000017 seconds.
  path: Assets/Assets/Tilesetv3_40.asset
  artifactKey: Guid(f3e1d10a957b355478e2bfb91e2fcbef) Importer(815301076,1909f56bfc062723c751e8b465ee728b)
Number of updated assets reloaded before import = 0
Start importing Assets/Assets/Tilesetv3_40.asset using Guid(f3e1d10a957b355478e2bfb91e2fcbef) Importer(815301076,1909f56bfc062723c751e8b465ee728b)  -> (artifact id: 'a65f624b04caeb3ed9e05949f9fd3c4f') in 0.010405 seconds 
Number of asset objects unloaded after import = 3
========================================================================
Received Import Request.
  Time since last request: 0.000015 seconds.
  path: Assets/Assets/Tilesetv3_76.asset
  artifactKey: Guid(ac64bdfb49cc13945ae19196433c12bb) Importer(815301076,1909f56bfc062723c751e8b465ee728b)
Number of updated assets reloaded before import = 0
Start importing Assets/Assets/Tilesetv3_76.asset using Guid(ac64bdfb49cc13945ae19196433c12bb) Importer(815301076,1909f56bfc062723c751e8b465ee728b)  -> (artifact id: '0e8d6e46a0ee434ea010aab9bba41bca') in 0.010959 seconds 
Number of asset objects unloaded after import = 3
========================================================================
Received Import Request.
  Time since last request: 0.000018 seconds.
  path: Assets/Assets/Tilesetv3_65.asset
  artifactKey: Guid(52717ef68b617684187674fc75747162) Importer(815301076,1909f56bfc062723c751e8b465ee728b)
Number of updated assets reloaded before import = 0
Start importing Assets/Assets/Tilesetv3_65.asset using Guid(52717ef68b617684187674fc75747162) Importer(815301076,1909f56bfc062723c751e8b465ee728b)  -> (artifact id: '1c338dd5e5cbb3eac2cc28cfa01cba5b') in 0.011601 seconds 
Number of asset objects unloaded after import = 3
========================================================================
Received Import Request.
  Time since last request: 0.000014 seconds.
  path: Assets/Assets/Tilesetv3_53.asset
  artifactKey: Guid(16a75a7b82d3acf4ca5959e9fce68dcd) Importer(815301076,1909f56bfc062723c751e8b465ee728b)
Number of updated assets reloaded before import = 0
Start importing Assets/Assets/Tilesetv3_53.asset using Guid(16a75a7b82d3acf4ca5959e9fce68dcd) Importer(815301076,1909f56bfc062723c751e8b465ee728b)  -> (artifact id: '7ee6c66f3b8892f1996cb34d182620e3') in 0.011380 seconds 
Number of asset objects unloaded after import = 3
========================================================================
Received Import Request.
  Time since last request: 0.000017 seconds.
  path: Assets/Assets/Tilesetv3_46.asset
  artifactKey: Guid(1a841b6bc0d87b94a9ed7015f2697ac3) Importer(815301076,1909f56bfc062723c751e8b465ee728b)
Number of updated assets reloaded before import = 0
Start importing Assets/Assets/Tilesetv3_46.asset using Guid(1a841b6bc0d87b94a9ed7015f2697ac3) Importer(815301076,1909f56bfc062723c751e8b465ee728b)  -> (artifact id: 'd6f818afdb6721f9d460ff5f1caf5f77') in 0.011962 seconds 
Number of asset objects unloaded after import = 3
========================================================================
Received Import Request.
  Time since last request: 0.000016 seconds.
  path: Assets/Assets/Tilesetv3_41.asset
  artifactKey: Guid(08f4167068acc874d9ea00a50345a36b) Importer(815301076,1909f56bfc062723c751e8b465ee728b)
Number of updated assets reloaded before import = 0
Start importing Assets/Assets/Tilesetv3_41.asset using Guid(08f4167068acc874d9ea00a50345a36b) Importer(815301076,1909f56bfc062723c751e8b465ee728b)  -> (artifact id: 'b5fc45dd6b3f0ef4d728379d338cace0') in 0.010755 seconds 
Number of asset objects unloaded after import = 3
========================================================================
Received Import Request.
  Time since last request: 0.000021 seconds.
  path: Assets/Assets/Tilesetv3_94.asset
  artifactKey: Guid(ee0c024656957b74f8704539f4f10ffc) Importer(815301076,1909f56bfc062723c751e8b465ee728b)
Number of updated assets reloaded before import = 0
Start importing Assets/Assets/Tilesetv3_94.asset using Guid(ee0c024656957b74f8704539f4f10ffc) Importer(815301076,1909f56bfc062723c751e8b465ee728b)  -> (artifact id: '2f95c2435a962a9e67c889a53435bb01') in 0.012046 seconds 
Number of asset objects unloaded after import = 3
========================================================================
Received Import Request.
  Time since last request: 0.000016 seconds.
  path: Assets/Assets/Tilesetv3_92.asset
  artifactKey: Guid(d426883e405032442badaef0be22d8ed) Importer(815301076,1909f56bfc062723c751e8b465ee728b)
Number of updated assets reloaded before import = 0
Start importing Assets/Assets/Tilesetv3_92.asset using Guid(d426883e405032442badaef0be22d8ed) Importer(815301076,1909f56bfc062723c751e8b465ee728b)  -> (artifact id: '5e0ac87f41f769b95265f9cc697e7d7e') in 0.019218 seconds 
Number of asset objects unloaded after import = 3
========================================================================
Received Import Request.
  Time since last request: 0.000017 seconds.
  path: Assets/Assets/Tilesetv3_59.asset
  artifactKey: Guid(c4888fa1fd9ccff439b93c5302ab0a0c) Importer(815301076,1909f56bfc062723c751e8b465ee728b)
Number of updated assets reloaded before import = 0
Start importing Assets/Assets/Tilesetv3_59.asset using Guid(c4888fa1fd9ccff439b93c5302ab0a0c) Importer(815301076,1909f56bfc062723c751e8b465ee728b)  -> (artifact id: '8ff89c719bcf06c0ba23eb6e01e51244') in 0.012578 seconds 
Number of asset objects unloaded after import = 3
========================================================================
Received Import Request.
  Time since last request: 0.000016 seconds.
  path: Assets/Assets/Tilesetv3_93.asset
  artifactKey: Guid(0d6776dae8a9cc84d815a94cc80b80d3) Importer(815301076,1909f56bfc062723c751e8b465ee728b)
Number of updated assets reloaded before import = 0
Start importing Assets/Assets/Tilesetv3_93.asset using Guid(0d6776dae8a9cc84d815a94cc80b80d3) Importer(815301076,1909f56bfc062723c751e8b465ee728b)  -> (artifact id: '6df76040992f8f2f1a65e52a608a884e') in 0.011625 seconds 
Number of asset objects unloaded after import = 3
